###############################################################################
#
# IAR ELF Linker V8.32.1.169/W32 for ARM                  03/Mar/2019  15:35:26
# Copyright 2007-2018 IAR Systems AB.
#
#    Output file  =  
#        E:\SMART CAR\smart-car-project\Prj\IAR\DZ10_Debug\Exe\vcan_Kinetis.out
#    Map file     =  
#        E:\SMART
#        CAR\smart-car-project\Prj\IAR\DZ10_Debug\List\vcan_Kinetis.map
#    Command line =  
#        -f C:\Users\housol\AppData\Local\Temp\EWC9EC.tmp ("E:\SMART
#        CAR\smart-car-project\Prj\IAR\DZ10_Debug\Obj\all init.o" "E:\SMART
#        CAR\smart-car-project\Prj\IAR\DZ10_Debug\Obj\camera.o" "E:\SMART
#        CAR\smart-car-project\Prj\IAR\DZ10_Debug\Obj\diskio.o" "E:\SMART
#        CAR\smart-car-project\Prj\IAR\DZ10_Debug\Obj\ff.o" "E:\SMART
#        CAR\smart-car-project\Prj\IAR\DZ10_Debug\Obj\LCD.o" "E:\SMART
#        CAR\smart-car-project\Prj\IAR\DZ10_Debug\Obj\main.o" "E:\SMART
#        CAR\smart-car-project\Prj\IAR\DZ10_Debug\Obj\misc.o" "E:\SMART
#        CAR\smart-car-project\Prj\IAR\DZ10_Debug\Obj\MK60_adc.o" "E:\SMART
#        CAR\smart-car-project\Prj\IAR\DZ10_Debug\Obj\MK60_can.o" "E:\SMART
#        CAR\smart-car-project\Prj\IAR\DZ10_Debug\Obj\MK60_conf.o" "E:\SMART
#        CAR\smart-car-project\Prj\IAR\DZ10_Debug\Obj\MK60_dac.o" "E:\SMART
#        CAR\smart-car-project\Prj\IAR\DZ10_Debug\Obj\MK60_dma.o" "E:\SMART
#        CAR\smart-car-project\Prj\IAR\DZ10_Debug\Obj\MK60_DWT.o" "E:\SMART
#        CAR\smart-car-project\Prj\IAR\DZ10_Debug\Obj\MK60_flash.o" "E:\SMART
#        CAR\smart-car-project\Prj\IAR\DZ10_Debug\Obj\MK60_flexbus.o" "E:\SMART
#        CAR\smart-car-project\Prj\IAR\DZ10_Debug\Obj\MK60_ftm.o" "E:\SMART
#        CAR\smart-car-project\Prj\IAR\DZ10_Debug\Obj\MK60_gpio.o" "E:\SMART
#        CAR\smart-car-project\Prj\IAR\DZ10_Debug\Obj\MK60_i2c.o" "E:\SMART
#        CAR\smart-car-project\Prj\IAR\DZ10_Debug\Obj\MK60_it.o" "E:\SMART
#        CAR\smart-car-project\Prj\IAR\DZ10_Debug\Obj\MK60_lptmr.o" "E:\SMART
#        CAR\smart-car-project\Prj\IAR\DZ10_Debug\Obj\MK60_mcg.o" "E:\SMART
#        CAR\smart-car-project\Prj\IAR\DZ10_Debug\Obj\MK60_PIT.o" "E:\SMART
#        CAR\smart-car-project\Prj\IAR\DZ10_Debug\Obj\MK60_port.o" "E:\SMART
#        CAR\smart-car-project\Prj\IAR\DZ10_Debug\Obj\MK60_rtc.o" "E:\SMART
#        CAR\smart-car-project\Prj\IAR\DZ10_Debug\Obj\MK60_sdhc.o" "E:\SMART
#        CAR\smart-car-project\Prj\IAR\DZ10_Debug\Obj\MK60_spi.o" "E:\SMART
#        CAR\smart-car-project\Prj\IAR\DZ10_Debug\Obj\MK60_SysTick.o" "E:\SMART
#        CAR\smart-car-project\Prj\IAR\DZ10_Debug\Obj\MK60_uart.o" "E:\SMART
#        CAR\smart-car-project\Prj\IAR\DZ10_Debug\Obj\MK60_usb.o" "E:\SMART
#        CAR\smart-car-project\Prj\IAR\DZ10_Debug\Obj\MK60_wdog.o" "E:\SMART
#        CAR\smart-car-project\Prj\IAR\DZ10_Debug\Obj\motor.o" "E:\SMART
#        CAR\smart-car-project\Prj\IAR\DZ10_Debug\Obj\SDUWH_MT9V032.o"
#        "E:\SMART
#        CAR\smart-car-project\Prj\IAR\DZ10_Debug\Obj\startup_MK60DZ10.o"
#        "E:\SMART CAR\smart-car-project\Prj\IAR\DZ10_Debug\Obj\steer.o"
#        "E:\SMART
#        CAR\smart-car-project\Prj\IAR\DZ10_Debug\Obj\system_MK60DZ10.o"
#        "E:\SMART CAR\smart-car-project\Prj\IAR\DZ10_Debug\Obj\Track.o"
#        "E:\SMART CAR\smart-car-project\Prj\IAR\DZ10_Debug\Obj\USB.o"
#        "E:\SMART CAR\smart-car-project\Prj\IAR\DZ10_Debug\Obj\USB_CDC.o"
#        "E:\SMART CAR\smart-car-project\Prj\IAR\DZ10_Debug\Obj\VCAN_ASCII.o"
#        "E:\SMART CAR\smart-car-project\Prj\IAR\DZ10_Debug\Obj\VCAN_BMP.o"
#        "E:\SMART CAR\smart-car-project\Prj\IAR\DZ10_Debug\Obj\VCAN_camera.o"
#        "E:\SMART
#        CAR\smart-car-project\Prj\IAR\DZ10_Debug\Obj\VCAN_computer.o"
#        "E:\SMART CAR\smart-car-project\Prj\IAR\DZ10_Debug\Obj\vcan_img2sd.o"
#        "E:\SMART CAR\smart-car-project\Prj\IAR\DZ10_Debug\Obj\VCAN_key.o"
#        "E:\SMART
#        CAR\smart-car-project\Prj\IAR\DZ10_Debug\Obj\VCAN_key_event.o"
#        "E:\SMART CAR\smart-car-project\Prj\IAR\DZ10_Debug\Obj\VCAN_LCD.o"
#        "E:\SMART CAR\smart-car-project\Prj\IAR\DZ10_Debug\Obj\VCAN_LCD_CH.o"
#        "E:\SMART
#        CAR\smart-car-project\Prj\IAR\DZ10_Debug\Obj\VCAN_LCD_ILI9341.o"
#        "E:\SMART
#        CAR\smart-car-project\Prj\IAR\DZ10_Debug\Obj\VCAN_LCD_ST7735R.o"
#        "E:\SMART
#        CAR\smart-car-project\Prj\IAR\DZ10_Debug\Obj\VCAN_LCD_ST7735S.o"
#        "E:\SMART CAR\smart-car-project\Prj\IAR\DZ10_Debug\Obj\VCAN_LED.o"
#        "E:\SMART CAR\smart-car-project\Prj\IAR\DZ10_Debug\Obj\VCAN_MMA7455.o"
#        "E:\SMART CAR\smart-car-project\Prj\IAR\DZ10_Debug\Obj\VCAN_NRF24L0.o"
#        "E:\SMART
#        CAR\smart-car-project\Prj\IAR\DZ10_Debug\Obj\VCAN_NRF24L0_MSG.o"
#        "E:\SMART
#        CAR\smart-car-project\Prj\IAR\DZ10_Debug\Obj\VCAN_OV7725_Eagle.o"
#        "E:\SMART
#        CAR\smart-car-project\Prj\IAR\DZ10_Debug\Obj\VCAN_OV7725_Wolf.o"
#        "E:\SMART
#        CAR\smart-car-project\Prj\IAR\DZ10_Debug\Obj\VCAN_RTC_count.o"
#        "E:\SMART CAR\smart-car-project\Prj\IAR\DZ10_Debug\Obj\VCAN_SCCB.o"
#        "E:\SMART CAR\smart-car-project\Prj\IAR\DZ10_Debug\Obj\vcan_sd_app.o"
#        "E:\SMART CAR\smart-car-project\Prj\IAR\DZ10_Debug\Obj\Vcan_touch.o"
#        "E:\SMART CAR\smart-car-project\Prj\IAR\DZ10_Debug\Obj\VCAN_TSL1401.o"
#        "E:\SMART CAR\smart-car-project\Prj\IAR\DZ10_Debug\Obj\VCAN_UI_VAR.o"
#        "E:\SMART CAR\smart-car-project\Prj\IAR\DZ10_Debug\Obj\vectors.o"
#        --redirect _Printf=_PrintfLargeNoMb --redirect _Scanf=_ScanfLargeNoMb
#        --no_out_extension -o "E:\SMART
#        CAR\smart-car-project\Prj\IAR\DZ10_Debug\Exe\vcan_Kinetis.out" --map
#        "E:\SMART
#        CAR\smart-car-project\Prj\IAR\DZ10_Debug\List\vcan_Kinetis.map"
#        --config "E:\SMART CAR\smart-car-project\Prj\IAR\config
#        files\vcan_ROM_K60N512.icf" "E:\SMART
#        CAR\smart-car-project\Prj\IAR\..\..\Lib\CMSIS\iar_cortexM4l_math.a"
#        --entry __iar_program_start --vfe --text_out locale)
#
###############################################################################

*******************************************************************************
*** RUNTIME MODEL ATTRIBUTES
***

CppFlavor       = *
__SystemLibrary = DLib
__dlib_version  = 6


*******************************************************************************
*** HEAP SELECTION
***

The basic heap was selected because no calls to memory allocation
functions were found in the application outside of system library
functions, and there are calls to deallocation functions in the
application.


*******************************************************************************
*** PLACEMENT SUMMARY
***

"A0":  place at 0x0 { ro section .intvec };
"A1":  place at 0x410 { ro section .noinit };
define block CodeRelocate { section .textrw_init };
"P1":  place in [from 0x0 to 0x8'0000] { ro, block CodeRelocate };
define block CodeRelocateRam { section .textrw };
define block CSTACK with size = 4K, alignment = 8 { };
define block HEAP with size = 2K, alignment = 8 { };
"P2":  place in [from 0x1fff'0410 to 0x2001'0000] {
          rw, block CodeRelocateRam, block CSTACK, block HEAP };
initialize manually with packing = copy, complex ranges { section .data };
initialize manually with packing = copy, complex ranges { section .textrw };

  Section              Kind         Address    Size  Object
  -------              ----         -------    ----  ------
"A0":                                         0x410
  .intvec              const            0x0   0x410  vectors.o [1]
                                    - 0x410   0x410

"A1":                                           0x8
  .noinit              ro code        0x410     0x8  startup_MK60DZ10.o [1]
                                    - 0x418     0x8

"P1":                                        0x867c
  .text                ro code        0x418  0x1248  VCAN_LCD_ST7735S.o [1]
  .text                ro code       0x1660   0x138  MK60_gpio.o [1]
  .text                ro code       0x1798    0xb8  MK60_port.o [1]
  .text                ro code       0x1850    0x60  MK60_SysTick.o [1]
  Veneer               ro code       0x18b0     0x8  - Linker created -
  Veneer               ro code       0x18b8     0x8  - Linker created -
  .text                ro code       0x18c0   0x140  MK60_conf.o [1]
  .text                ro code       0x1a00    0x80  VCAN_LED.o [1]
  .text                ro code       0x1a80    0x28  printf.o [2]
  .text                ro code       0x1aa8   0x2bc  MK60_uart.o [1]
  .text                ro code       0x1d64    0xa4  VCAN_key.o [1]
  .text                ro code       0x1e08   0xc16  xprintflarge_nomb.o [2]
  .text                ro code       0x2a1e    0x3a  zero_init3.o [4]
  .text                ro code       0x2a58    0x16  strchr.o [4]
  .text                ro code       0x2a70    0x40  xfail_s.o [2]
  .text                ro code       0x2ab0    0x36  strlen.o [4]
  .text                ro code       0x2ae8    0x58  memchr.o [4]
  .text                ro code       0x2b40   0x230  I64DivMod.o [4]
  .text                ro code       0x2d70   0x1a2  DblMul.o [3]
  .text                ro code       0x2f14    0xa6  ABImemcpy.o [4]
  .text                ro code       0x2fbc    0x70  frexp.o [3]
  .text                ro code       0x302c   0x246  DblDiv.o [3]
  .text                ro code       0x3274    0x28  DblToU32.o [3]
  .text                ro code       0x329c    0x1a  U32ToDbl.o [3]
  .text                ro code       0x32b8    0xe2  DblSub.o [3]
  .text                ro code       0x339c     0x8  xlocale_c.o [2]
  .text                ro code       0x33a4     0x6  abort.o [2]
  .text                ro code       0x33ac     0x2  I64DivZer.o [4]
  .text                ro code       0x33b0   0x17a  DblAdd.o [3]
  .text                ro code       0x352c     0xc  XXexit.o [4]
  .text                ro code       0x3538  0x116c  camera.o [1]
  .text                ro code       0x46a4   0x550  SDUWH_MT9V032.o [1]
  .text                ro code       0x4bf4    0xec  MK60_PIT.o [1]
  .text                ro code       0x4ce0    0x24  S32ToFlt.o [3]
  .text                ro code       0x4d04    0x50  misc.o [1]
  .text                ro code       0x4d54   0x248  MK60_dma.o [1]
  .text                ro code       0x4f9c     0x6  ABImemclr4.o [4]
  .text                ro code       0x4fa4    0xfc  FltDiv.o [3]
  .text                ro code       0x50a0    0x24  FltCmpLe.o [3]
  .text                ro code       0x50c4    0xe2  FltAdd.o [3]
  .text                ro code       0x51a8    0xd8  FltMul.o [3]
  .text                ro code       0x5280    0x80  FltSub.o [3]
  .text                ro code       0x5300    0x48  FltToDbl.o [3]
  .text                ro code       0x5348    0x68  DblToFlt.o [3]
  .text                ro code       0x53b0    0x32  ABImemset48.o [4]
  .text                ro code       0x53e4   0xcf4  Track.o [1]
  .data_init                         0x60d8   0x988  <Block>
    Initializer bytes  const         0x60d8   0x988  <for .data-1>
  .text                ro code       0x6a60   0x658  VCAN_LCD.o [1]
  .rodata              const         0x70b8   0x600  VCAN_ASCII.o [1]
  Veneer               ro code       0x76b8     0x8  - Linker created -
  .text                ro code       0x76c0   0x3b4  MK60_mcg.o [1]
  .text                ro code       0x7a74   0x3ac  MK60_ftm.o [1]
  .text                ro code       0x7e20   0x374  steer.o [1]
  .text                ro code       0x8194    0x1c  U32ToFlt.o [3]
  .text                ro code       0x81b0    0x1c  FltCmpEq.o [3]
  .text                ro code       0x81cc    0x24  FltCmpGe.o [3]
  .text                ro code       0x81f0    0x22  FltToU32.o [3]
  CodeRelocate                       0x8214   0x1bc  <Block>
    Initializer bytes  const         0x8214   0x1bc  <for CodeRelocateRam-1>
  .text                ro code       0x83d0   0x17c  LCD.o [1]
  .text                ro code       0x854c   0x118  system_MK60DZ10.o [1]
  .text                ro code       0x8664    0x40  MK60_wdog.o [1]
  .text                ro code       0x86a4    0x4c  main.o [1]
  .text                ro code       0x86f0    0x5c  all init.o [1]
  .text                ro code       0x874c    0x30  motor.o [1]
  .rodata              const         0x877c    0x3c  MK60_conf.o [1]
  .rodata              const         0x87b8    0x3c  VCAN_LCD_ST7735S.o [1]
  .rodata              const         0x87f4    0x38  MK60_flash.o [1]
  .rodata              const         0x882c    0x38  MK60_SysTick.o [1]
  .rodata              const         0x8864    0x34  MK60_dma.o [1]
  .rodata              const         0x8898    0x34  MK60_ftm.o [1]
  .rodata              const         0x88cc    0x34  MK60_gpio.o [1]
  .rodata              const         0x8900    0x34  MK60_uart.o [1]
  .rodata              const         0x8934    0x30  misc.o [1]
  .text                ro code       0x8964    0x28  data_init.o [4]
  .rodata              const         0x898c    0x24  MK60_conf.o [1]
  .iar.init_table      const         0x89b0    0x10  - Linker created -
  .rodata              const         0x89c0    0x20  MK60_conf.o [1]
  .text                ro code       0x89e0    0x1e  cmain.o [4]
  .text                ro code       0x89fe     0x4  low_level_init.o [2]
  .text                ro code       0x8a02     0x4  exit.o [2]
  .text                ro code       0x8a08     0xa  cexit.o [4]
  .text                ro code       0x8a12    0x16  xprout.o [2]
  .text                ro code       0x8a28     0xc  putchar.o [2]
  .rodata              const         0x8a34    0x14  MK60_conf.o [1]
  .rodata              const         0x8a48    0x10  LCD.o [1]
  .rodata              const         0x8a58    0x10  LCD.o [1]
  .text                ro code       0x8a68     0xc  cstartup_M.o [4]
  .rodata              const         0x8a74     0x4  LCD.o [1]
  .rodata              const         0x8a78     0x4  LCD.o [1]
  .rodata              const         0x8a7c     0x4  LCD.o [1]
  .rodata              const         0x8a80     0x4  VCAN_LCD.o [1]
  .rodata              const         0x8a84     0x4  VCAN_LCD.o [1]
  .rodata              const         0x8a88     0x4  VCAN_LCD.o [1]
  .rodata              const         0x8a8c     0x4  VCAN_LCD.o [1]
  .rodata              const         0x8a90     0x4  xlocale_c.o [2]
  .rodata              const         0x8a94     0x0  zero_init3.o [4]
                                   - 0x8a94  0x867c

"P2", part 1 of 2:                            0xb44
  .data                         0x1fff'0410   0x988  <Block>
    .data-1                     0x1fff'0410   0x985  <Init block>
      .data            inited   0x1fff'0410     0x4  camera.o [1]
      .data            inited   0x1fff'0414     0x4  LCD.o [1]
      .data            inited   0x1fff'0418     0x4  LCD.o [1]
      .data            inited   0x1fff'041c   0x708  MK60_conf.o [1]
      .data            inited   0x1fff'0b24     0xc  MK60_ftm.o [1]
      .data            inited   0x1fff'0b30    0x14  MK60_gpio.o [1]
      .data            inited   0x1fff'0b44    0x44  MK60_mcg.o [1]
      .data            inited   0x1fff'0b88     0x4  MK60_mcg.o [1]
      .data            inited   0x1fff'0b8c    0x14  MK60_port.o [1]
      .data            inited   0x1fff'0ba0    0x18  MK60_uart.o [1]
      .data            inited   0x1fff'0bb8    0x24  SDUWH_MT9V032.o [1]
      .data            inited   0x1fff'0bdc    0x20  SDUWH_MT9V032.o [1]
      .data            inited   0x1fff'0bfc     0x4  steer.o [1]
      .data            inited   0x1fff'0c00     0x4  steer.o [1]
      .data            inited   0x1fff'0c04     0x4  steer.o [1]
      .data            inited   0x1fff'0c08     0x4  steer.o [1]
      .data            inited   0x1fff'0c0c     0x4  steer.o [1]
      .data            inited   0x1fff'0c10     0x4  steer.o [1]
      .data            inited   0x1fff'0c14    0xf0  steer.o [1]
      .data            inited   0x1fff'0d04     0x8  VCAN_key.o [1]
      .data            inited   0x1fff'0d0c     0x4  VCAN_LED.o [1]
      .data            inited   0x1fff'0d10    0x38  xlocale_c.o [2]
      .data            inited   0x1fff'0d48    0x48  xfiles.o [2]
      .data            inited   0x1fff'0d90     0x2  VCAN_LCD_ST7735S.o [1]
      .data            inited   0x1fff'0d92     0x2  VCAN_LCD_ST7735S.o [1]
      .data            inited   0x1fff'0d94     0x1  SDUWH_MT9V032.o [1]
  CodeRelocateRam               0x1fff'0d98   0x1bc  <Block>
    CodeRelocateRam-1           0x1fff'0d98   0x1bc  <Init block>
      Veneer           inited   0x1fff'0d98     0x8  - Linker created -
      Veneer           inited   0x1fff'0da0     0x8  - Linker created -
      .textrw          inited   0x1fff'0da8   0x164  MK60_flash.o [1]
      .textrw          inited   0x1fff'0f0c    0x48  MK60_mcg.o [1]
                              - 0x1fff'0f54   0xb44

"P2", part 2 of 2:                           0x3e08
  .bss                          0x1fff'0f54  0x3e08  <Block>
    .bss               zero     0x1fff'0f54     0x4  camera.o [1]
    .bss               zero     0x1fff'0f58     0x4  camera.o [1]
    .bss               zero     0x1fff'0f5c    0x3c  camera.o [1]
    .bss               zero     0x1fff'0f98    0x3c  camera.o [1]
    .bss               zero     0x1fff'0fd4    0xf4  camera.o [1]
    .bss               zero     0x1fff'10c8    0xf4  camera.o [1]
    .bss               zero     0x1fff'11bc    0xf4  camera.o [1]
    .bss               zero     0x1fff'12b0     0x4  camera.o [1]
    .bss               zero     0x1fff'12b4     0x4  camera.o [1]
    .bss               zero     0x1fff'12b8     0x4  camera.o [1]
    .bss               zero     0x1fff'12bc     0x4  camera.o [1]
    .bss               zero     0x1fff'12c0     0x4  camera.o [1]
    .bss               zero     0x1fff'12c4     0x4  camera.o [1]
    .bss               zero     0x1fff'12c8     0x4  camera.o [1]
    .bss               zero     0x1fff'12cc     0x4  camera.o [1]
    .bss               zero     0x1fff'12d0     0x4  camera.o [1]
    .bss               zero     0x1fff'12d4     0x4  camera.o [1]
    .bss               zero     0x1fff'12d8     0x4  camera.o [1]
    .bss               zero     0x1fff'12dc     0x4  camera.o [1]
    .bss               zero     0x1fff'12e0     0x4  camera.o [1]
    .bss               zero     0x1fff'12e4     0x4  camera.o [1]
    .bss               zero     0x1fff'12e8     0x4  camera.o [1]
    .bss               zero     0x1fff'12ec     0x4  camera.o [1]
    .bss               zero     0x1fff'12f0     0x4  LCD.o [1]
    .bss               zero     0x1fff'12f4  0x12c0  main.o [1]
    .bss               zero     0x1fff'25b4  0x12c0  main.o [1]
    .bss               zero     0x1fff'3874     0xc  MK60_ftm.o [1]
    .bss               zero     0x1fff'3880     0x4  motor.o [1]
    .bss               zero     0x1fff'3884     0x4  motor.o [1]
    .bss               zero     0x1fff'3888  0x12c0  SDUWH_MT9V032.o [1]
    .bss               zero     0x1fff'4b48     0x4  SDUWH_MT9V032.o [1]
    .bss               zero     0x1fff'4b4c     0x4  SDUWH_MT9V032.o [1]
    .bss               zero     0x1fff'4b50    0x40  steer.o [1]
    .bss               zero     0x1fff'4b90     0x4  steer.o [1]
    .bss               zero     0x1fff'4b94     0x4  steer.o [1]
    .bss               zero     0x1fff'4b98     0x4  steer.o [1]
    .bss               zero     0x1fff'4b9c     0x4  steer.o [1]
    .bss               zero     0x1fff'4ba0     0x4  steer.o [1]
    .bss               zero     0x1fff'4ba4     0x4  steer.o [1]
    .bss               zero     0x1fff'4ba8     0x4  steer.o [1]
    .bss               zero     0x1fff'4bac     0x4  steer.o [1]
    .bss               zero     0x1fff'4bb0     0x4  system_MK60DZ10.o [1]
    .bss               zero     0x1fff'4bb4     0x4  system_MK60DZ10.o [1]
    .bss               zero     0x1fff'4bb8     0x4  system_MK60DZ10.o [1]
    .bss               zero     0x1fff'4bbc     0x8  Track.o [1]
    .bss               zero     0x1fff'4bc4     0x8  Track.o [1]
    .bss               zero     0x1fff'4bcc     0x8  Track.o [1]
    .bss               zero     0x1fff'4bd4     0x4  Track.o [1]
    .bss               zero     0x1fff'4bd8     0x8  Track.o [1]
    .bss               zero     0x1fff'4be0    0x3c  Track.o [1]
    .bss               zero     0x1fff'4c1c    0x3c  Track.o [1]
    .bss               zero     0x1fff'4c58    0x50  Track.o [1]
    .bss               zero     0x1fff'4ca8    0x50  Track.o [1]
    .bss               zero     0x1fff'4cf8     0x4  xfail_s.o [2]
    .bss               zero     0x1fff'4cfc    0x50  xfiles.o [2]
    .bss               zero     0x1fff'4d4c     0x2  SDUWH_MT9V032.o [1]
    .bss               zero     0x1fff'4d4e     0x2  Track.o [1]
    .bss               zero     0x1fff'4d50     0x1  camera.o [1]
    .bss               zero     0x1fff'4d51     0x1  main.o [1]
    .bss               zero     0x1fff'4d52     0x1  SDUWH_MT9V032.o [1]
    .bss               zero     0x1fff'4d53     0x1  SDUWH_MT9V032.o [1]
    .bss               zero     0x1fff'4d54     0x1  Track.o [1]
    .bss               zero     0x1fff'4d55     0x1  Track.o [1]
    .bss               zero     0x1fff'4d56     0x1  Track.o [1]
    .bss               zero     0x1fff'4d57     0x1  Track.o [1]
    .bss               zero     0x1fff'4d58     0x1  Track.o [1]
    .bss               zero     0x1fff'4d59     0x1  VCAN_LCD_ST7735S.o [1]
                              - 0x1fff'4d5c  0x3e08

Unused ranges:

         From           To      Size
         ----           --      ----
       0x8a94     0x8'0000  0x7'756d
  0x1fff'4d5c  0x2001'0000  0x1'b2a5


*******************************************************************************
*** INIT TABLE
***

          Address      Size
          -------      ----
Zero (__iar_zero_init3)
    1 destination range, total size 0x3e06:
          0x1fff'0f54  0x3e06



*******************************************************************************
*** MODULE SUMMARY
***

    Module               ro code  rw code  ro data  rw data
    ------               -------  -------  -------  -------
command line/config:
    -------------------------------------------------------
    Total:

E:\SMART CAR\smart-car-project\Prj\IAR\DZ10_Debug\Obj: [1]
    LCD.o                    380                52       12
    MK60_PIT.o               236
    MK60_SysTick.o            96                56
    MK60_conf.o              320             1 948    1 800
    MK60_dma.o               584                52
    MK60_flash.o                      356      412
    MK60_ftm.o               940                64       24
    MK60_gpio.o              312                72       20
    MK60_mcg.o               948       72      144       72
    MK60_port.o              184                20       20
    MK60_uart.o              700                76       24
    MK60_wdog.o               64
    SDUWH_MT9V032.o        1 360                69    4 881
    Track.o                3 316                        323
    VCAN_ASCII.o                             1 536
    VCAN_LCD.o             1 624                16
    VCAN_LCD_ST7735S.o     4 680                64        5
    VCAN_LED.o               128                 4        4
    VCAN_key.o               164                 8        8
    all init.o                92
    camera.o               4 460                 4      929
    main.o                    76                      9 601
    misc.o                    80                48
    motor.o                   48                          8
    startup_MK60DZ10.o         8
    steer.o                  884               264      360
    system_MK60DZ10.o        280                         12
    vectors.o                                1 040
    -------------------------------------------------------
    Total:                21 964      428    5 949   18 103

dl7M_tlf.a: [2]
    abort.o                    6
    exit.o                     4
    low_level_init.o           4
    printf.o                  40
    putchar.o                 12
    xfail_s.o                 64                          4
    xfiles.o                                    72      152
    xlocale_c.o                8                60       56
    xprintflarge_nomb.o    3 094
    xprout.o                  22
    -------------------------------------------------------
    Total:                 3 254               132      212

m7M_tl.a: [3]
    DblAdd.o                 378
    DblDiv.o                 582
    DblMul.o                 418
    DblSub.o                 226
    DblToFlt.o               104
    DblToU32.o                40
    FltAdd.o                 226
    FltCmpEq.o                28
    FltCmpGe.o                36
    FltCmpLe.o                36
    FltDiv.o                 252
    FltMul.o                 216
    FltSub.o                 128
    FltToDbl.o                72
    FltToU32.o                34
    S32ToFlt.o                36
    U32ToDbl.o                26
    U32ToFlt.o                28
    frexp.o                  112
    -------------------------------------------------------
    Total:                 2 978

rt7M_tl.a: [4]
    ABImemclr4.o               6
    ABImemcpy.o              166
    ABImemset48.o             50
    I64DivMod.o              560
    I64DivZer.o                2
    XXexit.o                  12
    cexit.o                   10
    cmain.o                   30
    cstartup_M.o              12
    data_init.o               40
    memchr.o                  88
    strchr.o                  22
    strlen.o                  54
    zero_init3.o              58
    -------------------------------------------------------
    Total:                 1 110

    Gaps                      28
    Linker created            24       16       35
-----------------------------------------------------------
    Grand Total:          29 358      444    6 116   18 315


*******************************************************************************
*** ENTRY LIST
***

Entry                       Address    Size  Type      Object
-----                       -------    ----  ----      ------
.bss$$Base              0x1fff'0f54           --   Gb  - Linker created -
.bss$$Limit             0x1fff'4d5c           --   Gb  - Linker created -
.data$$Base             0x1fff'0410           --   Gb  - Linker created -
.data$$Limit            0x1fff'0d98           --   Gb  - Linker created -
.data_init$$Base             0x60d8           --   Gb  - Linker created -
.data_init$$Limit            0x6a60           --   Gb  - Linker created -
.iar.init_table$$Base        0x89b0           --   Gb  - Linker created -
.iar.init_table$$Limit       0x89c0           --   Gb  - Linker created -
?main                        0x89e1          Code  Gb  cmain.o [4]
ASSERT_FAILED_STR            0x898c    0x24  Data  Gb  MK60_conf.o [1]
AllLose                 0x1fff'12c0     0x4  Data  Gb  camera.o [1]
AvaliableLines          0x1fff'12b4     0x4  Data  Gb  camera.o [1]
BasicD                  0x1fff'0c10     0x4  Data  Gb  steer.o [1]
BasicP                  0x1fff'0c0c     0x4  Data  Gb  steer.o [1]
Binarization                 0x3563    0x58  Code  Gb  camera.o [1]
BlackEndL               0x1fff'12d8     0x4  Data  Gb  camera.o [1]
BlackEndLL              0x1fff'12d0     0x4  Data  Gb  camera.o [1]
BlackEndM               0x1fff'12dc     0x4  Data  Gb  camera.o [1]
BlackEndML              0x1fff'12cc     0x4  Data  Gb  camera.o [1]
BlackEndMR              0x1fff'12c8     0x4  Data  Gb  camera.o [1]
BlackEndMax             0x1fff'12e8     0x4  Data  Gb  camera.o [1]
BlackEndMaxMax          0x1fff'12e4     0x4  Data  Gb  camera.o [1]
BlackEndR               0x1fff'12e0     0x4  Data  Gb  camera.o [1]
BlackEndRR              0x1fff'12d4     0x4  Data  Gb  camera.o [1]
CalculateError               0x7e21   0x262  Code  Gb  steer.o [1]
CenterMeanValue         0x1fff'4ba0     0x4  Data  Gb  steer.o [1]
CenterSum               0x1fff'4ba4     0x4  Data  Gb  steer.o [1]
CodeRelocate$$Base           0x8214           --   Gb  - Linker created -
CodeRelocate$$Limit          0x83d0           --   Gb  - Linker created -
CodeRelocateRam$$Base   0x1fff'0d98           --   Gb  - Linker created -
CodeRelocateRam$$Limit  0x1fff'0f54           --   Gb  - Linker created -
Cross                   0x1fff'4bcc     0x8  Data  Gb  Track.o [1]
CrossConduct                 0x594b   0x10e  Code  Gb  Track.o [1]
CrossRecognition             0x5651   0x2fa  Code  Gb  Track.o [1]
DMA0_IRQHandler              0x355b     0x8  Code  Gb  camera.o [1]
DropRow                 0x1fff'12ec     0x4  Data  Gb  camera.o [1]
Error                   0x1fff'4b94     0x4  Data  Gb  steer.o [1]
FTMN                    0x1fff'0b24     0xc  Data  Gb  MK60_ftm.o [1]
FTM_port_mux                 0x7a75   0x114  Code  Lc  MK60_ftm.o [1]
FindInflectionPointL         0x5519   0x138  Code  Gb  Track.o [1]
FindInflectionPointR         0x53e5   0x134  Code  Gb  Track.o [1]
FindLoopOptimalExit          0x5d59   0x306  Code  Gb  Track.o [1]
GET_CFG                 0x1fff'0bdc    0x20  Data  Gb  SDUWH_MT9V032.o [1]
GPIOX                   0x1fff'0b30    0x14  Data  Gb  MK60_gpio.o [1]
GetBlackEndParam             0x42c5   0x3a2  Code  Gb  camera.o [1]
InflectionPointL        0x1fff'4bbc     0x8  Data  Gb  Track.o [1]
InflectionPointR        0x1fff'4bc4     0x8  Data  Gb  Track.o [1]
J                       0x1fff'0c04     0x4  Data  Gb  steer.o [1]
JD                      0x1fff'0c08     0x4  Data  Gb  steer.o [1]
KD                      0x1fff'0c00     0x4  Data  Gb  steer.o [1]
KEY_PTxn                0x1fff'0d04     0x8  Data  Gb  VCAN_key.o [1]
KP                      0x1fff'0bfc     0x4  Data  Gb  steer.o [1]
LCD_Binarization             0x83d1    0x6a  Code  Gb  LCD.o [1]
LCD_Display                  0x843b    0x90  Code  Gb  LCD.o [1]
LCD_Img_gray_Z               0x6f53   0x13c  Code  Gb  VCAN_LCD.o [1]
LCD_Init                     0x84cb    0x46  Code  Gb  LCD.o [1]
LCD_ST7735S_dir               0xe99   0x5fe  Code  Gb  VCAN_LCD_ST7735S.o [1]
LCD_ST7735S_init              0x419   0xa68  Code  Gb  VCAN_LCD_ST7735S.o [1]
LCD_ST7735S_ptlon            0x1497   0x19a  Code  Gb  VCAN_LCD_ST7735S.o [1]
LCD_char                     0x6c35   0x1b4  Code  Gb  VCAN_LCD.o [1]
LCD_clear                    0x6b5f    0x28  Code  Gb  VCAN_LCD.o [1]
LCD_init                     0x6a61    0x2a  Code  Gb  VCAN_LCD.o [1]
LCD_num_BC                   0x6e51   0x102  Code  Gb  VCAN_LCD.o [1]
LCD_point                    0x6b87    0xae  Code  Gb  VCAN_LCD.o [1]
LCD_rectangle                0x6a8b    0xd4  Code  Gb  VCAN_LCD.o [1]
LCD_str                      0x6de9    0x68  Code  Gb  VCAN_LCD.o [1]
LED_PTxn                0x1fff'0d0c     0x4  Data  Gb  VCAN_LED.o [1]
LastError               0x1fff'4b98     0x4  Data  Gb  steer.o [1]
LastLine                0x1fff'12b0     0x4  Data  Gb  camera.o [1]
LastSteerSwm            0x1fff'4bac     0x4  Data  Gb  steer.o [1]
LeftEdge                0x1fff'10c8    0xf4  Data  Gb  camera.o [1]
LeftLose                0x1fff'12b8     0x4  Data  Gb  camera.o [1]
LeftScanCol             0x1fff'4c58    0x50  Data  Gb  Track.o [1]
LoadInt                      0x1fad    0x7a  Code  Lc  xprintflarge_nomb.o [2]
Loop                    0x1fff'4bd4     0x4  Data  Gb  Track.o [1]
LoopEixtL               0x1fff'4c1c    0x3c  Data  Gb  Track.o [1]
LoopEixtR               0x1fff'4be0    0x3c  Data  Gb  Track.o [1]
LoopExit                0x1fff'4bd8     0x8  Data  Gb  Track.o [1]
LoopRecognition              0x5a59   0x2fc  Code  Gb  Track.o [1]
LoopRecognition::StrightIntoLoopNum
                        0x1fff'4d58     0x1  Data  Lc  Track.o [1]
MT9V032_Binarization         0x49c5    0x28  Code  Gb  SDUWH_MT9V032.o [1]
MT9V032_CFG             0x1fff'0bb8    0x24  Data  Gb  SDUWH_MT9V032.o [1]
MT9V032_camera_init          0x4841    0xf4  Code  Gb  SDUWH_MT9V032.o [1]
MT9V032_dma                  0x4959    0x12  Code  Gb  SDUWH_MT9V032.o [1]
MT9V032_get_img              0x4769    0x24  Code  Gb  SDUWH_MT9V032.o [1]
MT9V032_imgbuff         0x1fff'4b48     0x4  Data  Gb  SDUWH_MT9V032.o [1]
MT9V032_init                 0x4759    0x10  Code  Gb  SDUWH_MT9V032.o [1]
MT9V032_vsync                0x4935    0x24  Code  Gb  SDUWH_MT9V032.o [1]
MidPri                  0x1fff'0410     0x4  Data  Gb  camera.o [1]
MotorControlOpenLoop         0x874d    0x26  Code  Gb  motor.o [1]
NVIC_DisableIRQ              0x46bd    0x18  Code  Lc  SDUWH_MT9V032.o [1]
NVIC_EnableIRQ               0x1aa9    0x18  Code  Lc  MK60_uart.o [1]
NVIC_EnableIRQ               0x46a5    0x18  Code  Lc  SDUWH_MT9V032.o [1]
NVIC_SetPriority             0x46d5    0x30  Code  Lc  SDUWH_MT9V032.o [1]
NVIC_SystemReset             0x18c1    0x18  Code  Lc  MK60_conf.o [1]
OpendLoopPwmL           0x1fff'3880     0x4  Data  Gb  motor.o [1]
OpendLoopPwmR           0x1fff'3884     0x4  Data  Gb  motor.o [1]
PORTA_IRQHandler             0x3539    0x22  Code  Gb  camera.o [1]
PORTX                   0x1fff'0b8c    0x14  Data  Gb  MK60_port.o [1]
Region$$Table$$Base          0x89b0           --   Gb  - Linker created -
Region$$Table$$Limit         0x89c0           --   Gb  - Linker created -
Reset_Handler                 0x411          Code  Gb  startup_MK60DZ10.o [1]
RightEdge               0x1fff'0fd4    0xf4  Data  Gb  camera.o [1]
RightLose               0x1fff'12bc     0x4  Data  Gb  camera.o [1]
RightScanCol            0x1fff'4ca8    0x50  Data  Gb  Track.o [1]
ST7735S_get_h                0x1631     0x6  Code  Gb  VCAN_LCD_ST7735S.o [1]
ST7735S_get_w                0x1637     0x6  Code  Gb  VCAN_LCD_ST7735S.o [1]
Scan                    0x1fff'4d4e     0x2  Data  Gb  Track.o [1]
SearchCenterline             0x3611   0xc8c  Code  Gb  camera.o [1]
SetInitVal                   0x35bb    0x32  Code  Gb  camera.o [1]
StartingLineFlag        0x1fff'4d51     0x1  Data  Gb  main.o [1]
SteerControl                 0x8083    0x8a  Code  Gb  steer.o [1]
SteerPwm                0x1fff'4ba8     0x4  Data  Gb  steer.o [1]
SteerPwmAdd             0x1fff'4b90     0x4  Data  Gb  steer.o [1]
StrightIntoCrossL       0x1fff'4d54     0x1  Data  Gb  Track.o [1]
StrightIntoCrossLR      0x1fff'4d56     0x1  Data  Gb  Track.o [1]
StrightIntoCrossNotLR   0x1fff'4d57     0x1  Data  Gb  Track.o [1]
StrightIntoCrossR       0x1fff'4d55     0x1  Data  Gb  Track.o [1]
UARTN                   0x1fff'0ba0    0x18  Data  Gb  MK60_uart.o [1]
Weight                  0x1fff'0c14    0xf0  Data  Gb  steer.o [1]
WeightSum               0x1fff'4b9c     0x4  Data  Gb  steer.o [1]
WhiteStart              0x1fff'12c4     0x4  Data  Gb  camera.o [1]
Width                   0x1fff'11bc    0xf4  Data  Gb  camera.o [1]
_GenldLargeNoMb              0x273d   0x24c  Code  Lc  xprintflarge_nomb.o [2]
_LdtobLargeNoMb              0x24e3   0x232  Code  Lc  xprintflarge_nomb.o [2]
_LitobLargeNoMb              0x2393   0x10a  Code  Lc  xprintflarge_nomb.o [2]
_Locale_lconv           0x1fff'0d10    0x38  Data  Lc  xlocale_c.o [2]
_PrintfLargeNoMb             0x1e09   0x19e  Code  Gb  xprintflarge_nomb.o [2]
_Prout                       0x8a13    0x16  Code  Gb  xprout.o [2]
_PutcharsLargeNoMb           0x2989    0x2e  Code  Lc  xprintflarge_nomb.o [2]
_PutfldLargeNoMb             0x2027   0x260  Code  Lc  xprintflarge_nomb.o [2]
_PuttxtLargeNoMb             0x2287   0x10c  Code  Lc  xprintflarge_nomb.o [2]
__BOOT_STACK_ADDRESS {Abs}
                        0x2000'fff8          Data  Gb  <internal module>
__VECTOR_RAM {Abs}      0x1fff'0000          Data  Gb  <internal module>
__VECTOR_TABLE {Abs}            0x0          Data  Gb  <internal module>
__aeabi_cfcmpeq              0x81b1          Code  Gb  FltCmpEq.o [3]
__aeabi_cfcmple              0x50a1          Code  Gb  FltCmpLe.o [3]
__aeabi_cfrcmple             0x81cd          Code  Gb  FltCmpGe.o [3]
__aeabi_d2f                  0x5349          Code  Gb  DblToFlt.o [3]
__aeabi_d2uiz                0x3275          Code  Gb  DblToU32.o [3]
__aeabi_dadd                 0x33b1          Code  Gb  DblAdd.o [3]
__aeabi_ddiv                 0x302d          Code  Gb  DblDiv.o [3]
__aeabi_dmul                 0x2d71          Code  Gb  DblMul.o [3]
__aeabi_dsub                 0x32b9          Code  Gb  DblSub.o [3]
__aeabi_f2d                  0x5301          Code  Gb  FltToDbl.o [3]
__aeabi_f2uiz                0x81f1          Code  Gb  FltToU32.o [3]
__aeabi_fadd                 0x50c5          Code  Gb  FltAdd.o [3]
__aeabi_fdiv                 0x4fa5          Code  Gb  FltDiv.o [3]
__aeabi_fmul                 0x51a9          Code  Gb  FltMul.o [3]
__aeabi_fsub                 0x5281          Code  Gb  FltSub.o [3]
__aeabi_i2f                  0x4ce1          Code  Gb  S32ToFlt.o [3]
__aeabi_ldiv0                0x33ad          Code  Gb  I64DivZer.o [4]
__aeabi_memclr4              0x4f9d          Code  Gb  ABImemclr4.o [4]
__aeabi_memcpy               0x2f15          Code  Gb  ABImemcpy.o [4]
__aeabi_memcpy4              0x2f35          Code  Gb  ABImemcpy.o [4]
__aeabi_memcpy8              0x2f35          Code  Gb  ABImemcpy.o [4]
__aeabi_ui2d                 0x329d          Code  Gb  U32ToDbl.o [3]
__aeabi_ui2f                 0x8195          Code  Gb  U32ToFlt.o [3]
__aeabi_uldivmod             0x2b41          Code  Gb  I64DivMod.o [4]
__cmain                      0x89e1          Code  Gb  cmain.o [4]
__code_start__ {Abs}          0x410          Data  Gb  <internal module>
__exit                       0x352d          Code  Gb  XXexit.o [4]
__iar_Fail_s                 0x2a71    0x1c  Code  Gb  xfail_s.o [2]
__iar_Memchr                 0x2ae9          Code  Gb  memchr.o [4]
__iar_Memset4_word           0x53b1          Code  Gb  ABImemset48.o [4]
__iar_Memset8_word           0x53b1          Code  Gb  ABImemset48.o [4]
__iar_Stdout            0x1fff'0d48    0x48  Data  Gb  xfiles.o [2]
__iar_Strchr                 0x2a59          Code  Gb  strchr.o [4]
__iar_dadd                   0x32c9          Code  Gb  DblSub.o [3]
__iar_data_init3             0x8965    0x28  Code  Gb  data_init.o [4]
__iar_dsub                   0x33c1          Code  Gb  DblAdd.o [3]
__iar_dsubStart              0x33d3          Code  Gb  DblAdd.o [3]
__iar_fadd                   0x528d          Code  Gb  FltSub.o [3]
__iar_frexp                  0x2fc9          Code  Gb  frexp.o [3]
__iar_frexp64                0x2fbd          Code  Gb  frexp.o [3]
__iar_frexpl                 0x2fc9          Code  Gb  frexp.o [3]
__iar_fsub                   0x50d1          Code  Gb  FltAdd.o [3]
__iar_fsubStart              0x50e1          Code  Gb  FltAdd.o [3]
__iar_program_start          0x8a69          Code  Gb  cstartup_M.o [4]
__iar_zero_init3             0x2a1f    0x3a  Code  Gb  zero_init3.o [4]
__low_level_init             0x89ff     0x4  Code  Gb  low_level_init.o [2]
__vector_table                  0x0   0x410  Data  Gb  vectors.o [1]
_call_main                   0x89ed          Code  Gb  cmain.o [4]
_exit                        0x8a09          Code  Gb  cexit.o [4]
_main                        0x89fb          Code  Gb  cmain.o [4]
abort                        0x33a5     0x6  Code  Gb  abort.o [2]
all_init                     0x86f1    0x5c  Code  Gb  all init.o [1]
ascii_8x16                   0x70b8   0x600  Data  Gb  VCAN_ASCII.o [1]
assert_failed                0x18d9    0x26  Code  Gb  MK60_conf.o [1]
bus_clk_khz             0x1fff'4bb8     0x4  Data  Gb  system_MK60DZ10.o [1]
common_startup               0x85a7    0x84  Code  Gb  system_MK60DZ10.o [1]
core_clk_khz            0x1fff'4bb0     0x4  Data  Gb  system_MK60DZ10.o [1]
core_clk_mhz            0x1fff'4bb4     0x4  Data  Gb  system_MK60DZ10.o [1]
default_isr                  0x19af    0x32  Code  Gb  MK60_conf.o [1]
dma_gpio_input_init          0x4d55    0x5c  Code  Lc  MK60_dma.o [1]
dma_portx2buff_init          0x4db1   0x1b6  Code  Gb  MK60_dma.o [1]
dma_repeat                   0x4705    0x54  Code  Lc  SDUWH_MT9V032.o [1]
exit                         0x8a03     0x4  Code  Gb  exit.o [2]
flash_cmd               0x1fff'0da9    0x1c  Code  Gb  MK60_flash.o [1]
flash_erase_sector      0x1fff'0def    0x58  Code  Gb  MK60_flash.o [1]
flash_init              0x1fff'0dc5    0x2a  Code  Gb  MK60_flash.o [1]
flash_write             0x1fff'0e47    0x96  Code  Gb  MK60_flash.o [1]
fputc                        0x18ff    0x14  Code  Gb  MK60_conf.o [1]
frexp                        0x2fbd          Code  Gb  frexp.o [3]
frexpl                       0x2fbd          Code  Gb  frexp.o [3]
ftm_mod                 0x1fff'3874     0xc  Data  Lc  MK60_ftm.o [1]
ftm_pwm_duty                 0x7d13    0xf6  Code  Gb  MK60_ftm.o [1]
ftm_pwm_init                 0x7b89   0x18a  Code  Gb  MK60_ftm.o [1]
get_config                   0x47e3    0x5e  Code  Gb  SDUWH_MT9V032.o [1]
gpio_get                     0x1751    0x3c  Code  Gb  MK60_gpio.o [1]
gpio_init                    0x1661    0xb6  Code  Gb  MK60_gpio.o [1]
gpio_turn                    0x1717    0x3a  Code  Gb  MK60_gpio.o [1]
image                   0x1fff'3888  0x12c0  Data  Gb  SDUWH_MT9V032.o [1]
image_threshold         0x1fff'4d50     0x1  Data  Gb  camera.o [1]
img                     0x1fff'12f4  0x12c0  Data  Gb  main.o [1]
imgbuff                 0x1fff'25b4  0x12c0  Data  Gb  main.o [1]
imgsize                 0x1fff'0414     0x4  Data  Gb  LCD.o [1]
key_check                    0x1dd9    0x2a  Code  Gb  VCAN_key.o [1]
key_get                      0x1dbd    0x1c  Code  Gb  VCAN_key.o [1]
key_init                     0x1d65    0x58  Code  Gb  VCAN_key.o [1]
led_init                     0x1a01    0x40  Code  Gb  VCAN_LED.o [1]
led_turn                     0x1a41    0x38  Code  Gb  VCAN_LED.o [1]
left_black              0x1fff'0f98    0x3c  Data  Gb  camera.o [1]
localeconv                   0x339d     0x4  Code  Gb  xlocale_c.o [2]
main                         0x86a5    0x4c  Code  Gb  main.o [1]
mcg_cfg                 0x1fff'0b44    0x44  Data  Gb  MK60_mcg.o [1]
mcg_div                 0x1fff'0b88     0x4  Data  Gb  MK60_mcg.o [1]
mcg_div_count                0x76c1   0x300  Code  Gb  MK60_mcg.o [1]
memchr                       0x2ae9          Code  Gb  memchr.o [4]
mid_line                0x1fff'4b50    0x40  Data  Gb  steer.o [1]
mt9v032_cof_uart_interrupt
                             0x478d    0x56  Code  Gb  SDUWH_MT9V032.o [1]
mt9v032_finish_flag     0x1fff'4d53     0x1  Data  Gb  SDUWH_MT9V032.o [1]
now_MT9V032_H           0x1fff'4d4c     0x2  Data  Gb  SDUWH_MT9V032.o [1]
obuf                    0x1fff'4cfc    0x50  Data  Lc  xfiles.o [2]
otsuThreshold                0x49ed   0x208  Code  Gb  SDUWH_MT9V032.o [1]
pit_time_get                 0x4c6d    0x68  Code  Gb  MK60_PIT.o [1]
pit_time_start               0x4bf5    0x78  Code  Gb  MK60_PIT.o [1]
pll_init                     0x79c1    0x96  Code  Gb  MK60_mcg.o [1]
port_init                    0x1799    0x48  Code  Gb  MK60_port.o [1]
port_init_NoALT              0x17e1    0x68  Code  Gb  MK60_port.o [1]
printf                       0x1a81    0x28  Code  Gb  printf.o [2]
putchar                      0x8a29     0xc  Code  Gb  putchar.o [2]
receive                 0x1fff'4b4c     0x4  Data  Gb  SDUWH_MT9V032.o [1]
receive_num             0x1fff'4d52     0x1  Data  Gb  SDUWH_MT9V032.o [1]
right_black             0x1fff'0f5c    0x3c  Data  Gb  camera.o [1]
scale                        0x249d    0x46  Code  Lc  xprintflarge_nomb.o [2]
sec_hand                0x1fff'4cf8     0x4  Data  Lc  xfail_s.o [2]
set_sys_dividers        0x1fff'0f0d    0x48  Code  Gb  MK60_mcg.o [1]
set_vector_handler           0x4d27    0x22  Code  Gb  misc.o [1]
site                    0x1fff'12f0     0x4  Data  Gb  LCD.o [1]
size                    0x1fff'0418     0x4  Data  Gb  LCD.o [1]
st7735s_dir             0x1fff'4d59     0x1  Data  Gb  VCAN_LCD_ST7735S.o [1]
st7735s_h               0x1fff'0d90     0x2  Data  Gb  VCAN_LCD_ST7735S.o [1]
st7735s_w               0x1fff'0d92     0x2  Data  Gb  VCAN_LCD_ST7735S.o [1]
start                        0x854d    0x22  Code  Gb  system_MK60DZ10.o [1]
start_check                  0x1913    0x9c  Code  Gb  MK60_conf.o [1]
strchr                       0x2a59          Code  Gb  strchr.o [4]
strlen                       0x2ab1          Code  Gb  strlen.o [4]
sysinit                      0x856f    0x38  Code  Gb  system_MK60DZ10.o [1]
systick_delay                0x1851    0x32  Code  Gb  MK60_SysTick.o [1]
systick_delay_ms             0x1883    0x18  Code  Gb  MK60_SysTick.o [1]
time1                   0x1fff'0f54     0x4  Data  Gb  camera.o [1]
time2                   0x1fff'0f58     0x4  Data  Gb  camera.o [1]
uart_getchar                 0x1cb7    0x20  Code  Gb  MK60_uart.o [1]
uart_init                    0x1ac1   0x1f6  Code  Gb  MK60_uart.o [1]
uart_putbuff                 0x1cf3    0x26  Code  Gb  MK60_uart.o [1]
uart_putchar                 0x1cd7    0x1c  Code  Gb  MK60_uart.o [1]
uart_receive_flag       0x1fff'0d94     0x1  Data  Gb  SDUWH_MT9V032.o [1]
uart_rx_irq_en               0x1d19    0x2e  Code  Gb  MK60_uart.o [1]
vector_str              0x1fff'041c   0x708  Data  Gb  MK60_conf.o [1]
wdog_disable                 0x8665    0x14  Code  Gb  MK60_wdog.o [1]
wdog_unlock                  0x8679    0x20  Code  Lc  MK60_wdog.o [1]
write_vtor                   0x4d05    0x22  Code  Gb  misc.o [1]


[1] = E:\SMART CAR\smart-car-project\Prj\IAR\DZ10_Debug\Obj
[2] = dl7M_tlf.a
[3] = m7M_tl.a
[4] = rt7M_tl.a

  29 358 bytes of readonly  code memory
     444 bytes of readwrite code memory
   6 116 bytes of readonly  data memory
  18 315 bytes of readwrite data memory

Errors: none
Warnings: none
