###############################################################################
#
# IAR ELF Linker V8.32.1.169/W32 for ARM                  05/Mar/2019  19:26:17
# Copyright 2007-2018 IAR Systems AB.
#
#    Output file  =  
#        E:\SMART CAR\smart-car-project\Prj\IAR\DZ10_Debug\Exe\vcan_Kinetis.out
#    Map file     =  
#        E:\SMART
#        CAR\smart-car-project\Prj\IAR\DZ10_Debug\List\vcan_Kinetis.map
#    Command line =  
#        -f C:\Users\housol\AppData\Local\Temp\EWDBC6.tmp ("E:\SMART
#        CAR\smart-car-project\Prj\IAR\DZ10_Debug\Obj\all init.o" "E:\SMART
#        CAR\smart-car-project\Prj\IAR\DZ10_Debug\Obj\camera.o" "E:\SMART
#        CAR\smart-car-project\Prj\IAR\DZ10_Debug\Obj\diskio.o" "E:\SMART
#        CAR\smart-car-project\Prj\IAR\DZ10_Debug\Obj\ff.o" "E:\SMART
#        CAR\smart-car-project\Prj\IAR\DZ10_Debug\Obj\LCD.o" "E:\SMART
#        CAR\smart-car-project\Prj\IAR\DZ10_Debug\Obj\main.o" "E:\SMART
#        CAR\smart-car-project\Prj\IAR\DZ10_Debug\Obj\misc.o" "E:\SMART
#        CAR\smart-car-project\Prj\IAR\DZ10_Debug\Obj\MK60_adc.o" "E:\SMART
#        CAR\smart-car-project\Prj\IAR\DZ10_Debug\Obj\MK60_can.o" "E:\SMART
#        CAR\smart-car-project\Prj\IAR\DZ10_Debug\Obj\MK60_conf.o" "E:\SMART
#        CAR\smart-car-project\Prj\IAR\DZ10_Debug\Obj\MK60_dac.o" "E:\SMART
#        CAR\smart-car-project\Prj\IAR\DZ10_Debug\Obj\MK60_dma.o" "E:\SMART
#        CAR\smart-car-project\Prj\IAR\DZ10_Debug\Obj\MK60_DWT.o" "E:\SMART
#        CAR\smart-car-project\Prj\IAR\DZ10_Debug\Obj\MK60_flash.o" "E:\SMART
#        CAR\smart-car-project\Prj\IAR\DZ10_Debug\Obj\MK60_flexbus.o" "E:\SMART
#        CAR\smart-car-project\Prj\IAR\DZ10_Debug\Obj\MK60_ftm.o" "E:\SMART
#        CAR\smart-car-project\Prj\IAR\DZ10_Debug\Obj\MK60_gpio.o" "E:\SMART
#        CAR\smart-car-project\Prj\IAR\DZ10_Debug\Obj\MK60_i2c.o" "E:\SMART
#        CAR\smart-car-project\Prj\IAR\DZ10_Debug\Obj\MK60_it.o" "E:\SMART
#        CAR\smart-car-project\Prj\IAR\DZ10_Debug\Obj\MK60_lptmr.o" "E:\SMART
#        CAR\smart-car-project\Prj\IAR\DZ10_Debug\Obj\MK60_mcg.o" "E:\SMART
#        CAR\smart-car-project\Prj\IAR\DZ10_Debug\Obj\MK60_PIT.o" "E:\SMART
#        CAR\smart-car-project\Prj\IAR\DZ10_Debug\Obj\MK60_port.o" "E:\SMART
#        CAR\smart-car-project\Prj\IAR\DZ10_Debug\Obj\MK60_rtc.o" "E:\SMART
#        CAR\smart-car-project\Prj\IAR\DZ10_Debug\Obj\MK60_sdhc.o" "E:\SMART
#        CAR\smart-car-project\Prj\IAR\DZ10_Debug\Obj\MK60_spi.o" "E:\SMART
#        CAR\smart-car-project\Prj\IAR\DZ10_Debug\Obj\MK60_SysTick.o" "E:\SMART
#        CAR\smart-car-project\Prj\IAR\DZ10_Debug\Obj\MK60_uart.o" "E:\SMART
#        CAR\smart-car-project\Prj\IAR\DZ10_Debug\Obj\MK60_usb.o" "E:\SMART
#        CAR\smart-car-project\Prj\IAR\DZ10_Debug\Obj\MK60_wdog.o" "E:\SMART
#        CAR\smart-car-project\Prj\IAR\DZ10_Debug\Obj\motor.o" "E:\SMART
#        CAR\smart-car-project\Prj\IAR\DZ10_Debug\Obj\SDUWH_MT9V032.o"
#        "E:\SMART
#        CAR\smart-car-project\Prj\IAR\DZ10_Debug\Obj\startup_MK60DZ10.o"
#        "E:\SMART CAR\smart-car-project\Prj\IAR\DZ10_Debug\Obj\steer.o"
#        "E:\SMART
#        CAR\smart-car-project\Prj\IAR\DZ10_Debug\Obj\system_MK60DZ10.o"
#        "E:\SMART CAR\smart-car-project\Prj\IAR\DZ10_Debug\Obj\Track.o"
#        "E:\SMART CAR\smart-car-project\Prj\IAR\DZ10_Debug\Obj\USB.o"
#        "E:\SMART CAR\smart-car-project\Prj\IAR\DZ10_Debug\Obj\USB_CDC.o"
#        "E:\SMART CAR\smart-car-project\Prj\IAR\DZ10_Debug\Obj\VCAN_ASCII.o"
#        "E:\SMART CAR\smart-car-project\Prj\IAR\DZ10_Debug\Obj\VCAN_BMP.o"
#        "E:\SMART CAR\smart-car-project\Prj\IAR\DZ10_Debug\Obj\VCAN_camera.o"
#        "E:\SMART
#        CAR\smart-car-project\Prj\IAR\DZ10_Debug\Obj\VCAN_computer.o"
#        "E:\SMART CAR\smart-car-project\Prj\IAR\DZ10_Debug\Obj\vcan_img2sd.o"
#        "E:\SMART CAR\smart-car-project\Prj\IAR\DZ10_Debug\Obj\VCAN_key.o"
#        "E:\SMART
#        CAR\smart-car-project\Prj\IAR\DZ10_Debug\Obj\VCAN_key_event.o"
#        "E:\SMART CAR\smart-car-project\Prj\IAR\DZ10_Debug\Obj\VCAN_LCD.o"
#        "E:\SMART CAR\smart-car-project\Prj\IAR\DZ10_Debug\Obj\VCAN_LCD_CH.o"
#        "E:\SMART
#        CAR\smart-car-project\Prj\IAR\DZ10_Debug\Obj\VCAN_LCD_ILI9341.o"
#        "E:\SMART
#        CAR\smart-car-project\Prj\IAR\DZ10_Debug\Obj\VCAN_LCD_ST7735R.o"
#        "E:\SMART
#        CAR\smart-car-project\Prj\IAR\DZ10_Debug\Obj\VCAN_LCD_ST7735S.o"
#        "E:\SMART CAR\smart-car-project\Prj\IAR\DZ10_Debug\Obj\VCAN_LED.o"
#        "E:\SMART CAR\smart-car-project\Prj\IAR\DZ10_Debug\Obj\VCAN_MMA7455.o"
#        "E:\SMART CAR\smart-car-project\Prj\IAR\DZ10_Debug\Obj\VCAN_NRF24L0.o"
#        "E:\SMART
#        CAR\smart-car-project\Prj\IAR\DZ10_Debug\Obj\VCAN_NRF24L0_MSG.o"
#        "E:\SMART
#        CAR\smart-car-project\Prj\IAR\DZ10_Debug\Obj\VCAN_OV7725_Eagle.o"
#        "E:\SMART
#        CAR\smart-car-project\Prj\IAR\DZ10_Debug\Obj\VCAN_OV7725_Wolf.o"
#        "E:\SMART
#        CAR\smart-car-project\Prj\IAR\DZ10_Debug\Obj\VCAN_RTC_count.o"
#        "E:\SMART CAR\smart-car-project\Prj\IAR\DZ10_Debug\Obj\VCAN_SCCB.o"
#        "E:\SMART CAR\smart-car-project\Prj\IAR\DZ10_Debug\Obj\vcan_sd_app.o"
#        "E:\SMART CAR\smart-car-project\Prj\IAR\DZ10_Debug\Obj\Vcan_touch.o"
#        "E:\SMART CAR\smart-car-project\Prj\IAR\DZ10_Debug\Obj\VCAN_TSL1401.o"
#        "E:\SMART CAR\smart-car-project\Prj\IAR\DZ10_Debug\Obj\VCAN_UI_VAR.o"
#        "E:\SMART CAR\smart-car-project\Prj\IAR\DZ10_Debug\Obj\vectors.o"
#        --redirect _Printf=_PrintfLargeNoMb --redirect _Scanf=_ScanfLargeNoMb
#        --no_out_extension -o "E:\SMART
#        CAR\smart-car-project\Prj\IAR\DZ10_Debug\Exe\vcan_Kinetis.out" --map
#        "E:\SMART
#        CAR\smart-car-project\Prj\IAR\DZ10_Debug\List\vcan_Kinetis.map"
#        --config "E:\SMART CAR\smart-car-project\Prj\IAR\config
#        files\vcan_ROM_K60N512.icf" "E:\SMART
#        CAR\smart-car-project\Prj\IAR\..\..\Lib\CMSIS\iar_cortexM4l_math.a"
#        --entry __iar_program_start --vfe --text_out locale)
#
###############################################################################

*******************************************************************************
*** RUNTIME MODEL ATTRIBUTES
***

CppFlavor       = *
__SystemLibrary = DLib
__dlib_version  = 6


*******************************************************************************
*** HEAP SELECTION
***

The basic heap was selected because no calls to memory allocation
functions were found in the application outside of system library
functions, and there are calls to deallocation functions in the
application.


*******************************************************************************
*** PLACEMENT SUMMARY
***

"A0":  place at 0x0 { ro section .intvec };
"A1":  place at 0x410 { ro section .noinit };
define block CodeRelocate { section .textrw_init };
"P1":  place in [from 0x0 to 0x8'0000] { ro, block CodeRelocate };
define block CodeRelocateRam { section .textrw };
define block CSTACK with size = 4K, alignment = 8 { };
define block HEAP with size = 2K, alignment = 8 { };
"P2":  place in [from 0x1fff'0410 to 0x2001'0000] {
          rw, block CodeRelocateRam, block CSTACK, block HEAP };
initialize manually with packing = copy, complex ranges { section .data };
initialize manually with packing = copy, complex ranges { section .textrw };

  Section              Kind         Address    Size  Object
  -------              ----         -------    ----  ------
"A0":                                         0x410
  .intvec              const            0x0   0x410  vectors.o [1]
                                    - 0x410   0x410

"A1":                                           0x8
  .noinit              ro code        0x410     0x8  startup_MK60DZ10.o [1]
                                    - 0x418     0x8

"P1":                                        0x5608
  .text                ro code        0x418  0x1248  VCAN_LCD_ST7735S.o [1]
  .text                ro code       0x1660   0x138  MK60_gpio.o [1]
  .text                ro code       0x1798    0xb8  MK60_port.o [1]
  .text                ro code       0x1850    0x60  MK60_SysTick.o [1]
  Veneer               ro code       0x18b0     0x8  - Linker created -
  Veneer               ro code       0x18b8     0x8  - Linker created -
  .text                ro code       0x18c0   0x140  MK60_conf.o [1]
  .text                ro code       0x1a00    0x80  VCAN_LED.o [1]
  .text                ro code       0x1a80    0x28  printf.o [2]
  .text                ro code       0x1aa8   0x2bc  MK60_uart.o [1]
  .text                ro code       0x1d64    0xa4  VCAN_key.o [1]
  .text                ro code       0x1e08   0xc16  xprintflarge_nomb.o [2]
  .text                ro code       0x2a1e    0x3a  zero_init3.o [4]
  .text                ro code       0x2a58    0x16  strchr.o [4]
  .text                ro code       0x2a70    0x40  xfail_s.o [2]
  .text                ro code       0x2ab0    0x36  strlen.o [4]
  .text                ro code       0x2ae8    0x58  memchr.o [4]
  .text                ro code       0x2b40   0x230  I64DivMod.o [4]
  .text                ro code       0x2d70   0x1a2  DblMul.o [3]
  .text                ro code       0x2f14    0xa6  ABImemcpy.o [4]
  .text                ro code       0x2fbc    0x70  frexp.o [3]
  .text                ro code       0x302c   0x246  DblDiv.o [3]
  .text                ro code       0x3274    0x28  DblToU32.o [3]
  .text                ro code       0x329c    0x1a  U32ToDbl.o [3]
  .text                ro code       0x32b8    0xe2  DblSub.o [3]
  .text                ro code       0x339c     0x8  xlocale_c.o [2]
  .text                ro code       0x33a4     0x6  abort.o [2]
  .text                ro code       0x33ac     0x2  I64DivZer.o [4]
  .text                ro code       0x33b0   0x16a  DblAdd.o [3]
  .text                ro code       0x351c     0xc  XXexit.o [4]
  .data_init                         0x3528   0x874  <Block>
    Initializer bytes  const         0x3528   0x874  <for .data-1>
  .rodata              const         0x3d9c   0x600  VCAN_ASCII.o [1]
  Veneer               ro code       0x439c     0x8  - Linker created -
  .text                ro code       0x43a4   0x3b4  MK60_mcg.o [1]
  .text                ro code       0x4758   0x368  VCAN_LCD.o [1]
  .text                ro code       0x4ac0   0x2fc  SDUWH_MT9V032.o [1]
  .text                ro code       0x4dbc    0x50  misc.o [1]
  .text                ro code       0x4e0c   0x248  MK60_dma.o [1]
  .text                ro code       0x5054   0x2b8  MK60_ftm.o [1]
  CodeRelocate                       0x530c   0x1bc  <Block>
    Initializer bytes  const         0x530c   0x1bc  <for CodeRelocateRam-1>
  .text                ro code       0x54c8   0x118  system_MK60DZ10.o [1]
  .text                ro code       0x55e0    0x40  MK60_wdog.o [1]
  .text                ro code       0x5620     0x8  main.o [1]
  .text                ro code       0x5628    0x58  all init.o [1]
  .text                ro code       0x5680    0x5c  LCD.o [1]
  .rodata              const         0x56dc    0x3c  MK60_conf.o [1]
  .rodata              const         0x5718    0x3c  VCAN_LCD_ST7735S.o [1]
  .rodata              const         0x5754    0x38  MK60_flash.o [1]
  .rodata              const         0x578c    0x38  MK60_SysTick.o [1]
  .rodata              const         0x57c4    0x34  MK60_dma.o [1]
  .rodata              const         0x57f8    0x34  MK60_ftm.o [1]
  .rodata              const         0x582c    0x34  MK60_gpio.o [1]
  .rodata              const         0x5860    0x34  MK60_uart.o [1]
  .rodata              const         0x5894    0x30  misc.o [1]
  .text                ro code       0x58c4    0x30  camera.o [1]
  .text                ro code       0x58f4    0x28  data_init.o [4]
  .rodata              const         0x591c    0x24  MK60_conf.o [1]
  .iar.init_table      const         0x5940    0x10  - Linker created -
  .rodata              const         0x5950    0x20  MK60_conf.o [1]
  .text                ro code       0x5970    0x1e  cmain.o [4]
  .text                ro code       0x598e     0x4  low_level_init.o [2]
  .text                ro code       0x5992     0x4  exit.o [2]
  .text                ro code       0x5998     0xa  cexit.o [4]
  .text                ro code       0x59a2    0x16  xprout.o [2]
  .text                ro code       0x59b8     0xc  putchar.o [2]
  .rodata              const         0x59c4    0x14  MK60_conf.o [1]
  .rodata              const         0x59d8    0x10  LCD.o [1]
  .rodata              const         0x59e8    0x10  LCD.o [1]
  .text                ro code       0x59f8     0xc  cstartup_M.o [4]
  .rodata              const         0x5a04     0x4  LCD.o [1]
  .rodata              const         0x5a08     0x4  LCD.o [1]
  .rodata              const         0x5a0c     0x4  LCD.o [1]
  .rodata              const         0x5a10     0x4  VCAN_LCD.o [1]
  .rodata              const         0x5a14     0x4  VCAN_LCD.o [1]
  .rodata              const         0x5a18     0x4  VCAN_LCD.o [1]
  .rodata              const         0x5a1c     0x4  xlocale_c.o [2]
  .rodata              const         0x5a20     0x0  zero_init3.o [4]
                                   - 0x5a20  0x5608

"P2", part 1 of 2:                            0xa30
  .data                         0x1fff'0410   0x874  <Block>
    .data-1                     0x1fff'0410   0x871  <Init block>
      .data            inited   0x1fff'0410   0x708  MK60_conf.o [1]
      .data            inited   0x1fff'0b18     0xc  MK60_ftm.o [1]
      .data            inited   0x1fff'0b24    0x14  MK60_gpio.o [1]
      .data            inited   0x1fff'0b38    0x44  MK60_mcg.o [1]
      .data            inited   0x1fff'0b7c     0x4  MK60_mcg.o [1]
      .data            inited   0x1fff'0b80    0x14  MK60_port.o [1]
      .data            inited   0x1fff'0b94    0x18  MK60_uart.o [1]
      .data            inited   0x1fff'0bac    0x24  SDUWH_MT9V032.o [1]
      .data            inited   0x1fff'0bd0    0x20  SDUWH_MT9V032.o [1]
      .data            inited   0x1fff'0bf0     0x8  VCAN_key.o [1]
      .data            inited   0x1fff'0bf8     0x4  VCAN_LED.o [1]
      .data            inited   0x1fff'0bfc    0x38  xlocale_c.o [2]
      .data            inited   0x1fff'0c34    0x48  xfiles.o [2]
      .data            inited   0x1fff'0c7c     0x2  VCAN_LCD_ST7735S.o [1]
      .data            inited   0x1fff'0c7e     0x2  VCAN_LCD_ST7735S.o [1]
      .data            inited   0x1fff'0c80     0x1  SDUWH_MT9V032.o [1]
  CodeRelocateRam               0x1fff'0c84   0x1bc  <Block>
    CodeRelocateRam-1           0x1fff'0c84   0x1bc  <Init block>
      Veneer           inited   0x1fff'0c84     0x8  - Linker created -
      Veneer           inited   0x1fff'0c8c     0x8  - Linker created -
      .textrw          inited   0x1fff'0c94   0x164  MK60_flash.o [1]
      .textrw          inited   0x1fff'0df8    0x48  MK60_mcg.o [1]
                              - 0x1fff'0e40   0xa30

"P2", part 2 of 2:                           0x25fc
  .bss                          0x1fff'0e40  0x25fc  <Block>
    .bss               zero     0x1fff'0e40  0x12c0  main.o [1]
    .bss               zero     0x1fff'2100     0xc  MK60_ftm.o [1]
    .bss               zero     0x1fff'210c  0x12c0  SDUWH_MT9V032.o [1]
    .bss               zero     0x1fff'33cc     0x4  SDUWH_MT9V032.o [1]
    .bss               zero     0x1fff'33d0     0x4  SDUWH_MT9V032.o [1]
    .bss               zero     0x1fff'33d4     0x4  system_MK60DZ10.o [1]
    .bss               zero     0x1fff'33d8     0x4  system_MK60DZ10.o [1]
    .bss               zero     0x1fff'33dc     0x4  system_MK60DZ10.o [1]
    .bss               zero     0x1fff'33e0     0x4  xfail_s.o [2]
    .bss               zero     0x1fff'33e4    0x50  xfiles.o [2]
    .bss               zero     0x1fff'3434     0x2  SDUWH_MT9V032.o [1]
    .bss               zero     0x1fff'3436     0x1  SDUWH_MT9V032.o [1]
    .bss               zero     0x1fff'3437     0x1  SDUWH_MT9V032.o [1]
    .bss               zero     0x1fff'3438     0x1  VCAN_LCD_ST7735S.o [1]
                              - 0x1fff'343c  0x25fc

Unused ranges:

         From           To      Size
         ----           --      ----
       0x5a20     0x8'0000  0x7'a5e1
  0x1fff'343c  0x2001'0000  0x1'cbc5


*******************************************************************************
*** INIT TABLE
***

          Address      Size
          -------      ----
Zero (__iar_zero_init3)
    1 destination range, total size 0x25f9:
          0x1fff'0e40  0x25f9



*******************************************************************************
*** MODULE SUMMARY
***

    Module               ro code  rw code  ro data  rw data
    ------               -------  -------  -------  -------
command line/config:
    -------------------------------------------------------
    Total:

E:\SMART CAR\smart-car-project\Prj\IAR\DZ10_Debug\Obj: [1]
    LCD.o                     92                44
    MK60_SysTick.o            96                56
    MK60_conf.o              320             1 948    1 800
    MK60_dma.o               584                52
    MK60_flash.o                      356      412
    MK60_ftm.o               696                64       24
    MK60_gpio.o              312                72       20
    MK60_mcg.o               948       72      144       72
    MK60_port.o              184                20       20
    MK60_uart.o              700                76       24
    MK60_wdog.o               64
    SDUWH_MT9V032.o          764                69    4 881
    VCAN_ASCII.o                             1 536
    VCAN_LCD.o               872                12
    VCAN_LCD_ST7735S.o     4 680                64        5
    VCAN_LED.o               128                 4        4
    VCAN_key.o               164                 8        8
    all init.o                88
    camera.o                  48
    main.o                     8                      4 800
    misc.o                    80                48
    startup_MK60DZ10.o         8
    system_MK60DZ10.o        280                         12
    vectors.o                                1 040
    -------------------------------------------------------
    Total:                11 116      428    5 669   11 670

dl7M_tlf.a: [2]
    abort.o                    6
    exit.o                     4
    low_level_init.o           4
    printf.o                  40
    putchar.o                 12
    xfail_s.o                 64                          4
    xfiles.o                                    72      152
    xlocale_c.o                8                60       56
    xprintflarge_nomb.o    3 094
    xprout.o                  22
    -------------------------------------------------------
    Total:                 3 254               132      212

m7M_tl.a: [3]
    DblAdd.o                 362
    DblDiv.o                 582
    DblMul.o                 418
    DblSub.o                 226
    DblToU32.o                40
    U32ToDbl.o                26
    frexp.o                  112
    -------------------------------------------------------
    Total:                 1 766

rt7M_tl.a: [4]
    ABImemcpy.o              166
    I64DivMod.o              560
    I64DivZer.o                2
    XXexit.o                  12
    cexit.o                   10
    cmain.o                   30
    cstartup_M.o              12
    data_init.o               40
    memchr.o                  88
    strchr.o                  22
    strlen.o                  54
    zero_init3.o              58
    -------------------------------------------------------
    Total:                 1 054

    Gaps                      22
    Linker created            24       16       35
-----------------------------------------------------------
    Grand Total:          17 236      444    5 836   11 882


*******************************************************************************
*** ENTRY LIST
***

Entry                       Address    Size  Type      Object
-----                       -------    ----  ----      ------
.bss$$Base              0x1fff'0e40           --   Gb  - Linker created -
.bss$$Limit             0x1fff'343c           --   Gb  - Linker created -
.data$$Base             0x1fff'0410           --   Gb  - Linker created -
.data$$Limit            0x1fff'0c84           --   Gb  - Linker created -
.data_init$$Base             0x3528           --   Gb  - Linker created -
.data_init$$Limit            0x3d9c           --   Gb  - Linker created -
.iar.init_table$$Base        0x5940           --   Gb  - Linker created -
.iar.init_table$$Limit       0x5950           --   Gb  - Linker created -
?main                        0x5971          Code  Gb  cmain.o [4]
ASSERT_FAILED_STR            0x591c    0x24  Data  Gb  MK60_conf.o [1]
CodeRelocate$$Base           0x530c           --   Gb  - Linker created -
CodeRelocate$$Limit          0x54c8           --   Gb  - Linker created -
CodeRelocateRam$$Base   0x1fff'0c84           --   Gb  - Linker created -
CodeRelocateRam$$Limit  0x1fff'0e40           --   Gb  - Linker created -
DMA0_IRQHandler              0x58e7     0x8  Code  Gb  camera.o [1]
FTMN                    0x1fff'0b18     0xc  Data  Gb  MK60_ftm.o [1]
FTM_port_mux                 0x5055   0x114  Code  Lc  MK60_ftm.o [1]
GET_CFG                 0x1fff'0bd0    0x20  Data  Gb  SDUWH_MT9V032.o [1]
GPIOX                   0x1fff'0b24    0x14  Data  Gb  MK60_gpio.o [1]
KEY_PTxn                0x1fff'0bf0     0x8  Data  Gb  VCAN_key.o [1]
LCD_Init                     0x5681    0x46  Code  Gb  LCD.o [1]
LCD_ST7735S_dir               0xe99   0x5fe  Code  Gb  VCAN_LCD_ST7735S.o [1]
LCD_ST7735S_init              0x419   0xa68  Code  Gb  VCAN_LCD_ST7735S.o [1]
LCD_ST7735S_ptlon            0x1497   0x19a  Code  Gb  VCAN_LCD_ST7735S.o [1]
LCD_char                     0x487f   0x1b4  Code  Gb  VCAN_LCD.o [1]
LCD_clear                    0x4857    0x28  Code  Gb  VCAN_LCD.o [1]
LCD_init                     0x4759    0x2a  Code  Gb  VCAN_LCD.o [1]
LCD_rectangle                0x4783    0xd4  Code  Gb  VCAN_LCD.o [1]
LCD_str                      0x4a33    0x68  Code  Gb  VCAN_LCD.o [1]
LED_PTxn                0x1fff'0bf8     0x4  Data  Gb  VCAN_LED.o [1]
LoadInt                      0x1fad    0x7a  Code  Lc  xprintflarge_nomb.o [2]
MT9V032_CFG             0x1fff'0bac    0x24  Data  Gb  SDUWH_MT9V032.o [1]
MT9V032_camera_init          0x4c39    0xf4  Code  Gb  SDUWH_MT9V032.o [1]
MT9V032_dma                  0x4d51    0x12  Code  Gb  SDUWH_MT9V032.o [1]
MT9V032_imgbuff         0x1fff'33cc     0x4  Data  Gb  SDUWH_MT9V032.o [1]
MT9V032_init                 0x4b75    0x10  Code  Gb  SDUWH_MT9V032.o [1]
MT9V032_vsync                0x4d2d    0x24  Code  Gb  SDUWH_MT9V032.o [1]
NVIC_DisableIRQ              0x4ad9    0x18  Code  Lc  SDUWH_MT9V032.o [1]
NVIC_EnableIRQ               0x1aa9    0x18  Code  Lc  MK60_uart.o [1]
NVIC_EnableIRQ               0x4ac1    0x18  Code  Lc  SDUWH_MT9V032.o [1]
NVIC_SetPriority             0x4af1    0x30  Code  Lc  SDUWH_MT9V032.o [1]
NVIC_SystemReset             0x18c1    0x18  Code  Lc  MK60_conf.o [1]
PORTA_IRQHandler             0x58c5    0x22  Code  Gb  camera.o [1]
PORTX                   0x1fff'0b80    0x14  Data  Gb  MK60_port.o [1]
Region$$Table$$Base          0x5940           --   Gb  - Linker created -
Region$$Table$$Limit         0x5950           --   Gb  - Linker created -
Reset_Handler                 0x411          Code  Gb  startup_MK60DZ10.o [1]
ST7735S_get_h                0x1631     0x6  Code  Gb  VCAN_LCD_ST7735S.o [1]
ST7735S_get_w                0x1637     0x6  Code  Gb  VCAN_LCD_ST7735S.o [1]
UARTN                   0x1fff'0b94    0x18  Data  Gb  MK60_uart.o [1]
_GenldLargeNoMb              0x273d   0x24c  Code  Lc  xprintflarge_nomb.o [2]
_LdtobLargeNoMb              0x24e3   0x232  Code  Lc  xprintflarge_nomb.o [2]
_LitobLargeNoMb              0x2393   0x10a  Code  Lc  xprintflarge_nomb.o [2]
_Locale_lconv           0x1fff'0bfc    0x38  Data  Lc  xlocale_c.o [2]
_PrintfLargeNoMb             0x1e09   0x19e  Code  Gb  xprintflarge_nomb.o [2]
_Prout                       0x59a3    0x16  Code  Gb  xprout.o [2]
_PutcharsLargeNoMb           0x2989    0x2e  Code  Lc  xprintflarge_nomb.o [2]
_PutfldLargeNoMb             0x2027   0x260  Code  Lc  xprintflarge_nomb.o [2]
_PuttxtLargeNoMb             0x2287   0x10c  Code  Lc  xprintflarge_nomb.o [2]
__BOOT_STACK_ADDRESS {Abs}
                        0x2000'fff8          Data  Gb  <internal module>
__VECTOR_RAM {Abs}      0x1fff'0000          Data  Gb  <internal module>
__VECTOR_TABLE {Abs}            0x0          Data  Gb  <internal module>
__aeabi_d2uiz                0x3275          Code  Gb  DblToU32.o [3]
__aeabi_ddiv                 0x302d          Code  Gb  DblDiv.o [3]
__aeabi_dmul                 0x2d71          Code  Gb  DblMul.o [3]
__aeabi_dsub                 0x32b9          Code  Gb  DblSub.o [3]
__aeabi_ldiv0                0x33ad          Code  Gb  I64DivZer.o [4]
__aeabi_memcpy               0x2f15          Code  Gb  ABImemcpy.o [4]
__aeabi_memcpy4              0x2f35          Code  Gb  ABImemcpy.o [4]
__aeabi_memcpy8              0x2f35          Code  Gb  ABImemcpy.o [4]
__aeabi_ui2d                 0x329d          Code  Gb  U32ToDbl.o [3]
__aeabi_uldivmod             0x2b41          Code  Gb  I64DivMod.o [4]
__cmain                      0x5971          Code  Gb  cmain.o [4]
__code_start__ {Abs}          0x410          Data  Gb  <internal module>
__exit                       0x351d          Code  Gb  XXexit.o [4]
__iar_Fail_s                 0x2a71    0x1c  Code  Gb  xfail_s.o [2]
__iar_Memchr                 0x2ae9          Code  Gb  memchr.o [4]
__iar_Stdout            0x1fff'0c34    0x48  Data  Gb  xfiles.o [2]
__iar_Strchr                 0x2a59          Code  Gb  strchr.o [4]
__iar_dadd                   0x32c9          Code  Gb  DblSub.o [3]
__iar_data_init3             0x58f5    0x28  Code  Gb  data_init.o [4]
__iar_dsub                   0x33b1          Code  Gb  DblAdd.o [3]
__iar_dsubStart              0x33c3          Code  Gb  DblAdd.o [3]
__iar_frexp                  0x2fc9          Code  Gb  frexp.o [3]
__iar_frexp64                0x2fbd          Code  Gb  frexp.o [3]
__iar_frexpl                 0x2fc9          Code  Gb  frexp.o [3]
__iar_program_start          0x59f9          Code  Gb  cstartup_M.o [4]
__iar_zero_init3             0x2a1f    0x3a  Code  Gb  zero_init3.o [4]
__low_level_init             0x598f     0x4  Code  Gb  low_level_init.o [2]
__vector_table                  0x0   0x410  Data  Gb  vectors.o [1]
_call_main                   0x597d          Code  Gb  cmain.o [4]
_exit                        0x5999          Code  Gb  cexit.o [4]
_main                        0x598b          Code  Gb  cmain.o [4]
abort                        0x33a5     0x6  Code  Gb  abort.o [2]
all_init                     0x5629    0x58  Code  Gb  all init.o [1]
ascii_8x16                   0x3d9c   0x600  Data  Gb  VCAN_ASCII.o [1]
assert_failed                0x18d9    0x26  Code  Gb  MK60_conf.o [1]
bus_clk_khz             0x1fff'33dc     0x4  Data  Gb  system_MK60DZ10.o [1]
common_startup               0x5523    0x84  Code  Gb  system_MK60DZ10.o [1]
core_clk_khz            0x1fff'33d4     0x4  Data  Gb  system_MK60DZ10.o [1]
core_clk_mhz            0x1fff'33d8     0x4  Data  Gb  system_MK60DZ10.o [1]
default_isr                  0x19af    0x32  Code  Gb  MK60_conf.o [1]
dma_gpio_input_init          0x4e0d    0x5c  Code  Lc  MK60_dma.o [1]
dma_portx2buff_init          0x4e69   0x1b6  Code  Gb  MK60_dma.o [1]
dma_repeat                   0x4b21    0x54  Code  Lc  SDUWH_MT9V032.o [1]
exit                         0x5993     0x4  Code  Gb  exit.o [2]
flash_cmd               0x1fff'0c95    0x1c  Code  Gb  MK60_flash.o [1]
flash_erase_sector      0x1fff'0cdb    0x58  Code  Gb  MK60_flash.o [1]
flash_init              0x1fff'0cb1    0x2a  Code  Gb  MK60_flash.o [1]
flash_write             0x1fff'0d33    0x96  Code  Gb  MK60_flash.o [1]
fputc                        0x18ff    0x14  Code  Gb  MK60_conf.o [1]
frexp                        0x2fbd          Code  Gb  frexp.o [3]
frexpl                       0x2fbd          Code  Gb  frexp.o [3]
ftm_mod                 0x1fff'2100     0xc  Data  Lc  MK60_ftm.o [1]
ftm_pwm_init                 0x5169   0x18a  Code  Gb  MK60_ftm.o [1]
get_config                   0x4bdb    0x5e  Code  Gb  SDUWH_MT9V032.o [1]
gpio_get                     0x1751    0x3c  Code  Gb  MK60_gpio.o [1]
gpio_init                    0x1661    0xb6  Code  Gb  MK60_gpio.o [1]
gpio_turn                    0x1717    0x3a  Code  Gb  MK60_gpio.o [1]
image                   0x1fff'210c  0x12c0  Data  Gb  SDUWH_MT9V032.o [1]
imgbuff                 0x1fff'0e40  0x12c0  Data  Gb  main.o [1]
key_check                    0x1dd9    0x2a  Code  Gb  VCAN_key.o [1]
key_get                      0x1dbd    0x1c  Code  Gb  VCAN_key.o [1]
key_init                     0x1d65    0x58  Code  Gb  VCAN_key.o [1]
led_init                     0x1a01    0x40  Code  Gb  VCAN_LED.o [1]
led_turn                     0x1a41    0x38  Code  Gb  VCAN_LED.o [1]
localeconv                   0x339d     0x4  Code  Gb  xlocale_c.o [2]
main                         0x5621     0x8  Code  Gb  main.o [1]
mcg_cfg                 0x1fff'0b38    0x44  Data  Gb  MK60_mcg.o [1]
mcg_div                 0x1fff'0b7c     0x4  Data  Gb  MK60_mcg.o [1]
mcg_div_count                0x43a5   0x300  Code  Gb  MK60_mcg.o [1]
memchr                       0x2ae9          Code  Gb  memchr.o [4]
mt9v032_cof_uart_interrupt
                             0x4b85    0x56  Code  Gb  SDUWH_MT9V032.o [1]
mt9v032_finish_flag     0x1fff'3437     0x1  Data  Gb  SDUWH_MT9V032.o [1]
now_MT9V032_H           0x1fff'3434     0x2  Data  Gb  SDUWH_MT9V032.o [1]
obuf                    0x1fff'33e4    0x50  Data  Lc  xfiles.o [2]
pll_init                     0x46a5    0x96  Code  Gb  MK60_mcg.o [1]
port_init                    0x1799    0x48  Code  Gb  MK60_port.o [1]
port_init_NoALT              0x17e1    0x68  Code  Gb  MK60_port.o [1]
printf                       0x1a81    0x28  Code  Gb  printf.o [2]
putchar                      0x59b9     0xc  Code  Gb  putchar.o [2]
receive                 0x1fff'33d0     0x4  Data  Gb  SDUWH_MT9V032.o [1]
receive_num             0x1fff'3436     0x1  Data  Gb  SDUWH_MT9V032.o [1]
scale                        0x249d    0x46  Code  Lc  xprintflarge_nomb.o [2]
sec_hand                0x1fff'33e0     0x4  Data  Lc  xfail_s.o [2]
set_sys_dividers        0x1fff'0df9    0x48  Code  Gb  MK60_mcg.o [1]
set_vector_handler           0x4ddf    0x22  Code  Gb  misc.o [1]
st7735s_dir             0x1fff'3438     0x1  Data  Gb  VCAN_LCD_ST7735S.o [1]
st7735s_h               0x1fff'0c7c     0x2  Data  Gb  VCAN_LCD_ST7735S.o [1]
st7735s_w               0x1fff'0c7e     0x2  Data  Gb  VCAN_LCD_ST7735S.o [1]
start                        0x54c9    0x22  Code  Gb  system_MK60DZ10.o [1]
start_check                  0x1913    0x9c  Code  Gb  MK60_conf.o [1]
strchr                       0x2a59          Code  Gb  strchr.o [4]
strlen                       0x2ab1          Code  Gb  strlen.o [4]
sysinit                      0x54eb    0x38  Code  Gb  system_MK60DZ10.o [1]
systick_delay                0x1851    0x32  Code  Gb  MK60_SysTick.o [1]
systick_delay_ms             0x1883    0x18  Code  Gb  MK60_SysTick.o [1]
uart_getchar                 0x1cb7    0x20  Code  Gb  MK60_uart.o [1]
uart_init                    0x1ac1   0x1f6  Code  Gb  MK60_uart.o [1]
uart_putbuff                 0x1cf3    0x26  Code  Gb  MK60_uart.o [1]
uart_putchar                 0x1cd7    0x1c  Code  Gb  MK60_uart.o [1]
uart_receive_flag       0x1fff'0c80     0x1  Data  Gb  SDUWH_MT9V032.o [1]
uart_rx_irq_en               0x1d19    0x2e  Code  Gb  MK60_uart.o [1]
vector_str              0x1fff'0410   0x708  Data  Gb  MK60_conf.o [1]
wdog_disable                 0x55e1    0x14  Code  Gb  MK60_wdog.o [1]
wdog_unlock                  0x55f5    0x20  Code  Lc  MK60_wdog.o [1]
write_vtor                   0x4dbd    0x22  Code  Gb  misc.o [1]


[1] = E:\SMART CAR\smart-car-project\Prj\IAR\DZ10_Debug\Obj
[2] = dl7M_tlf.a
[3] = m7M_tl.a
[4] = rt7M_tl.a

  17 236 bytes of readonly  code memory
     444 bytes of readwrite code memory
   5 836 bytes of readonly  data memory
  11 882 bytes of readwrite data memory

Errors: none
Warnings: none
